// Jest Snapshot v1, https://goo.gl/fbAQLP

exports[`should render Header correctly 1`] = `
<header>
  <h1>
    Expensify
  </h1>
  <nav>
    <ul>
      <li>
        <NavLink
          activeClassName="is-active"
          aria-current="page"
          exact={true}
          to="/"
        >
          Home
        </NavLink>
      </li>
      <li>
        <NavLink
          activeClassName="is-active"
          aria-current="page"
          to="/create"
        >
          Create Expense
        </NavLink>
      </li>
    </ul>
  </nav>
</header>
`;
